Warp 1.16.0 initialized:
   CUDA Toolkit 12.9, Driver 13.0
   Devices:
     "cpu"      : "x86_64"
     "cuda:0"   : "NVIDIA GeForce RTX 3090" (24 GiB, sm_86, mempool enabled)
   Kernel cache:
     /root/.cache/warp/1.16.0
Warp 1.16.0 initialized:
   CUDA Toolkit 12.9, Driver 13.0
   Devices:
     "cpu"      : "x86_64"
     "cuda:0"   : "NVIDIA GeForce RTX 3090" (24 GiB, sm_86, mempool enabled)
   Kernel cache:
     /root/.cache/warp/1.16.0
Module petch.boundary_transport_3d dac2643 load on device 'cuda:0' took 3.38 ms  (cached)
Module petch.threed 43d4494 load on device 'cpu' took 2.23 ms  (cached)
Warp 1.16.0 initialized:
   CUDA Toolkit 12.9, Driver 13.0
   Devices:
     "cpu"      : "x86_64"
     "cuda:0"   : "NVIDIA GeForce RTX 3090" (24 GiB, sm_86, mempool enabled)
   Kernel cache:
     /root/.cache/warp/1.16.0
Module petch.boundary_transport_3d dac2643 load on device 'cuda:0' took 2.91 ms  (cached)
Module petch.threed 43d4494 load on device 'cpu' took 2.03 ms  (cached)
Warp 1.16.0 initialized:
   CUDA Toolkit 12.9, Driver 13.0
   Devices:
     "cpu"      : "x86_64"
     "cuda:0"   : "NVIDIA GeForce RTX 3090" (24 GiB, sm_86, mempool enabled)
   Kernel cache:
     /root/.cache/warp/1.16.0
Module petch.boundary_transport_3d dac2643 load on device 'cuda:0' took 2.94 ms  (cached)
Module petch.threed 43d4494 load on device 'cpu' took 1.69 ms  (cached)
Warp 1.16.0 initialized:
   CUDA Toolkit 12.9, Driver 13.0
   Devices:
     "cpu"      : "x86_64"
     "cuda:0"   : "NVIDIA GeForce RTX 3090" (24 GiB, sm_86, mempool enabled)
   Kernel cache:
     /root/.cache/warp/1.16.0
Module petch.boundary_transport_3d dac2643 load on device 'cuda:0' took 3.46 ms  (cached)
Module petch.threed 43d4494 load on device 'cpu' took 1.65 ms  (cached)
concurrent.futures.process._RemoteTraceback: 
"""
Traceback (most recent call last):
  File "/root/petch-4b656fd/scripts/audit_zhu_npg80_moving_cr_profiles.py", line 518, in _execute
    profiles = _run_trajectory(
  File "/root/petch-4b656fd/scripts/audit_zhu_npg80_moving_cr_profiles.py", line 401, in _run_trajectory
    step = advance_feature_step_3d(
  File "/root/petch-4b656fd/src/petch/feature_step_3d.py", line 3319, in advance_feature_step_3d
    next_surface_state, remap_diagnostics = _remap_surface_state_with_indexed_transfer(
  File "/root/petch-4b656fd/src/petch/feature_step_3d.py", line 1632, in _remap_surface_state_with_indexed_transfer
    transfer = build_surface_transfer_3d(
  File "/root/petch-4b656fd/src/petch/surface_transfer_3d.py", line 428, in build_surface_transfer_3d
    return SurfaceTransferWeights3D(
  File "<string>", line 17, in __init__
  File "/root/petch-4b656fd/src/petch/surface_transfer_3d.py", line 173, in __post_init__
    raise ValueError("invalid sparse surface-transfer weights")
ValueError: invalid sparse surface-transfer weights

The above exception was the direct cause of the following exception:

Traceback (most recent call last):
  File "/usr/lib/python3.10/concurrent/futures/process.py", line 246, in _process_worker
    r = call_item.fn(*call_item.args, **call_item.kwargs)
  File "/usr/lib/python3.10/concurrent/futures/process.py", line 205, in _process_chunk
    return [fn(*args) for args in chunk]
  File "/usr/lib/python3.10/concurrent/futures/process.py", line 205, in <listcomp>
    return [fn(*args) for args in chunk]
  File "/root/petch-4b656fd/scripts/audit_zhu_npg80_moving_cr_profiles.py", line 525, in _execute
    raise RuntimeError(
RuntimeError: moving-mask trajectory failed for job_spec={"duration_s": 1200.0, "mesh_spacing_nm": 10.0, "model_revision": "two-material-moving-tio2-cr-owner-projection-v6", "preregistration_sha256": "d0ae72dab202a2e39078f9ae5c40b6c78dd5889b8d0dc68ac837560caf980d35", "rates_nm_min": [34.125, 43.46666666666667], "scenario": {"impact_energy_eV": 296.20650777233976, "impact_energy_label": "high", "name": "ion_high_tail_0p0", "tail_fraction": 0.0}, "selectivity": 18.016664028610727, "width_nm": 120.0}
"""

The above exception was the direct cause of the following exception:

Traceback (most recent call last):
  File "/root/petch-4b656fd/scripts/audit_zhu_npg80_moving_cr_profiles.py", line 701, in <module>
    main()
  File "/root/petch-4b656fd/scripts/audit_zhu_npg80_moving_cr_profiles.py", line 685, in main
    rendered = _render(build(
  File "/root/petch-4b656fd/scripts/audit_zhu_npg80_moving_cr_profiles.py", line 614, in build
    computed = list(pool.map(_execute, payloads))
  File "/usr/lib/python3.10/concurrent/futures/process.py", line 575, in _chain_from_iterable_of_lists
    for element in iterable:
  File "/usr/lib/python3.10/concurrent/futures/_base.py", line 621, in result_iterator
    yield _result_or_cancel(fs.pop())
  File "/usr/lib/python3.10/concurrent/futures/_base.py", line 319, in _result_or_cancel
    return fut.result(timeout)
  File "/usr/lib/python3.10/concurrent/futures/_base.py", line 451, in result
    return self.__get_result()
  File "/usr/lib/python3.10/concurrent/futures/_base.py", line 403, in __get_result
    raise self._exception
RuntimeError: moving-mask trajectory failed for job_spec={"duration_s": 1200.0, "mesh_spacing_nm": 10.0, "model_revision": "two-material-moving-tio2-cr-owner-projection-v6", "preregistration_sha256": "d0ae72dab202a2e39078f9ae5c40b6c78dd5889b8d0dc68ac837560caf980d35", "rates_nm_min": [34.125, 43.46666666666667], "scenario": {"impact_energy_eV": 296.20650777233976, "impact_energy_label": "high", "name": "ion_high_tail_0p0", "tail_fraction": 0.0}, "selectivity": 18.016664028610727, "width_nm": 120.0}
