Warp 1.16.0 initialized:
   CUDA Toolkit 12.9, Driver 13.2
   Devices:
     "cpu"      : "x86_64"
     "cuda:0"   : "NVIDIA GeForce RTX 3090" (24 GiB, sm_86, mempool enabled)
   Kernel cache:
     /root/.cache/warp/1.16.0
concurrent.futures.process._RemoteTraceback: 
"""
Traceback (most recent call last):
  File "/root/petch/scripts/audit_zhu_npg80_moving_cr_profiles.py", line 422, in _execute
    profiles = _run_trajectory(
  File "/root/petch/scripts/audit_zhu_npg80_moving_cr_profiles.py", line 312, in _run_trajectory
    step = advance_feature_step_3d(
  File "/root/petch/src/petch/feature_step_3d.py", line 2940, in advance_feature_step_3d
    next_face_material) = _extract_uniform_surface_arrays(output_geometry)
  File "/root/petch/src/petch/feature_step_3d.py", line 419, in _extract_uniform_surface_arrays
    surface = UniformFeatureGeometryBackend3D(geometry).extract_surface()
  File "/root/petch/src/petch/feature_geometry_backend_3d.py", line 339, in extract_surface
    vertices, faces, centroids, areas = extract_mesh_3d(
  File "/root/petch/src/petch/threed.py", line 158, in extract_mesh_3d
    _certify_extracted_surface_topology_3d(
  File "/root/petch/src/petch/threed.py", line 128, in _certify_extracted_surface_topology_3d
    raise RuntimeError(
RuntimeError: marching-cubes surface contains 3 unmatched interior edges

The above exception was the direct cause of the following exception:

Traceback (most recent call last):
  File "/usr/lib/python3.10/concurrent/futures/process.py", line 246, in _process_worker
    r = call_item.fn(*call_item.args, **call_item.kwargs)
  File "/usr/lib/python3.10/concurrent/futures/process.py", line 205, in _process_chunk
    return [fn(*args) for args in chunk]
  File "/usr/lib/python3.10/concurrent/futures/process.py", line 205, in <listcomp>
    return [fn(*args) for args in chunk]
  File "/root/petch/scripts/audit_zhu_npg80_moving_cr_profiles.py", line 429, in _execute
    raise RuntimeError(
RuntimeError: moving-mask trajectory failed for job_spec={"duration_s": 1200.0, "mesh_spacing_nm": 10.0, "model_revision": "two-material-moving-tio2-cr-dose-factorization-v2", "preregistration_sha256": "d0ae72dab202a2e39078f9ae5c40b6c78dd5889b8d0dc68ac837560caf980d35", "rates_nm_min": [34.125, 43.46666666666667], "scenario": {"impact_energy_eV": 146.53883149611795, "impact_energy_label": "low", "name": "ion_low_tail_0p0", "tail_fraction": 0.0}, "selectivity": 14.0, "width_nm": 80.0}
"""

The above exception was the direct cause of the following exception:

Traceback (most recent call last):
  File "/root/petch/scripts/audit_zhu_npg80_moving_cr_profiles.py", line 605, in <module>
    main()
  File "/root/petch/scripts/audit_zhu_npg80_moving_cr_profiles.py", line 589, in main
    rendered = _render(build(
  File "/root/petch/scripts/audit_zhu_npg80_moving_cr_profiles.py", line 518, in build
    computed = list(pool.map(_execute, payloads))
  File "/usr/lib/python3.10/concurrent/futures/process.py", line 575, in _chain_from_iterable_of_lists
    for element in iterable:
  File "/usr/lib/python3.10/concurrent/futures/_base.py", line 621, in result_iterator
    yield _result_or_cancel(fs.pop())
  File "/usr/lib/python3.10/concurrent/futures/_base.py", line 319, in _result_or_cancel
    return fut.result(timeout)
  File "/usr/lib/python3.10/concurrent/futures/_base.py", line 458, in result
    return self.__get_result()
  File "/usr/lib/python3.10/concurrent/futures/_base.py", line 403, in __get_result
    raise self._exception
RuntimeError: moving-mask trajectory failed for job_spec={"duration_s": 1200.0, "mesh_spacing_nm": 10.0, "model_revision": "two-material-moving-tio2-cr-dose-factorization-v2", "preregistration_sha256": "d0ae72dab202a2e39078f9ae5c40b6c78dd5889b8d0dc68ac837560caf980d35", "rates_nm_min": [34.125, 43.46666666666667], "scenario": {"impact_energy_eV": 146.53883149611795, "impact_energy_label": "low", "name": "ion_low_tail_0p0", "tail_fraction": 0.0}, "selectivity": 14.0, "width_nm": 80.0}
